Warning messages:
1: package 'DESeq2' was built under R version 4.4.3 
2: package 'matrixStats' was built under R version 4.4.3 
3: package 'ggrepel' was built under R version 4.4.3 
4: package 'dplyr' was built under R version 4.4.3 
5: package 'tidyr' was built under R version 4.4.3 
Warning message:
package 'Matrix' was built under R version 4.4.3 
Removed old results/05_dge/
Created fresh results/05_dge/

Total cells in count matrix: 660 
Total cells in metadata:     660 

  Metadata aligned to count matrix column order: 660 cells

Symbol map loaded: 56941 entries

Applying MHCII expression filter (both H2-Aa & H2-Ab1 >= VST 1 )...
Violin genes exempt from the per-plate count filter: 18 of 18 
  MHCII Ensembl IDs:
    H2-Aa -> ENSMUSG00000036594.16 
    H2-Ab1 -> ENSMUSG00000073421.7 
  Cells passing MHCII filter: 410 / 660 
  Cells removed: 250 

  Removed cells breakdown:
            
             CD45neg_MHCIIhi CD45neg_MHCIIlo CD45neg_MHCIIneg_PDL1pos
  B6G7                    12              18                        0
  B6MHCIIGFP              21              21                        0
  NOD                      9               8                        0
  NOD2                    13               9                        0
  NODCD31                  0               0                        0
  NODPDL1                  0               0                        0
  NODPDL1_2                0               0                       32
            
             CD45neg_MHCIIpos CD45neg_MHCIIpos_CD31neg CD45neg_MHCIIpos_CD31pos
  B6G7                      0                        0                        0
  B6MHCIIGFP                0                        0                        0
  NOD                       0                        0                        0
  NOD2                      0                        0                        0
  NODCD31                   0                        4                       21
  NODPDL1                  41                        0                        0
  NODPDL1_2                 0                        0                        0
            
             CD45neg_MHCIIpos_PDL1pos CD45pos_MHCIIpos
  B6G7                              0                7
  B6MHCIIGFP                        0                8
  NOD                               0                6
  NOD2                              0                5
  NODCD31                           0                0
  NODPDL1                           0               10
  NODPDL1_2                         5                0

  Filtered count matrix: 410 cells x 56941 genes

==============================================================
Strain: B6G7 
==============================================================
Cells: 59 
Conditions: CD45neg_MHCIIhi | CD45neg_MHCIIlo | CD45pos_MHCIIpos 
Counts per condition:

 CD45neg_MHCIIhi  CD45neg_MHCIIlo CD45pos_MHCIIpos 
              30               24                5 
Reference condition: CD45pos_MHCIIpos  
Contrasts for this strain: CD45pos_vs_MHCIIhi | CD45pos_vs_MHCIIlo | MHCIIhi_vs_MHCIIlo 
  Retained 7 low/zero-count violin gene(s) that the filter would have dropped
Genes passing filter: 14105 
converting counts to integer mode
Reference cells for size factor estimation: 5 
Size factors (summary):
   Min. 1st Qu.  Median    Mean 3rd Qu.    Max. 
0.00767 0.52220 1.35977 1.27217 1.69409 4.02683 
DESeq2 complete.
==============================================================
Strain: B6MHCIIGFP 
==============================================================
Cells: 34 
Conditions: CD45neg_MHCIIhi | CD45neg_MHCIIlo | CD45pos_MHCIIpos 
Counts per condition:

 CD45neg_MHCIIhi  CD45neg_MHCIIlo CD45pos_MHCIIpos 
               9               21                4 
Reference condition: CD45pos_MHCIIpos  
Contrasts for this strain: CD45pos_vs_MHCIIhi | CD45pos_vs_MHCIIlo | MHCIIhi_vs_MHCIIlo 
  Retained 5 low/zero-count violin gene(s) that the filter would have dropped
Genes passing filter: 11206 
converting counts to integer mode
Reference cells for size factor estimation: 4 
Size factors (summary):
     Min.   1st Qu.    Median      Mean   3rd Qu.      Max. 
 0.004615  0.056613  1.241613  4.176744  6.086856 21.102711 
DESeq2 complete.
==============================================================
Strain: NOD 
==============================================================
Cells: 73 
Conditions: CD45neg_MHCIIhi | CD45neg_MHCIIlo | CD45pos_MHCIIpos 
Counts per condition:

 CD45neg_MHCIIhi  CD45neg_MHCIIlo CD45pos_MHCIIpos 
              33               34                6 
Reference condition: CD45pos_MHCIIpos  
Contrasts for this strain: CD45pos_vs_MHCIIhi | CD45pos_vs_MHCIIlo | MHCIIhi_vs_MHCIIlo 
Genes passing filter: 17375 
converting counts to integer mode
Reference cells for size factor estimation: 6 
Size factors (summary):
   Min. 1st Qu.  Median    Mean 3rd Qu.    Max. 
0.04877 2.26837 3.12801 3.42513 4.53107 9.04668 
DESeq2 complete.
==============================================================
Strain: NOD2 
==============================================================
Cells: 69 
Conditions: CD45neg_MHCIIhi | CD45neg_MHCIIlo | CD45pos_MHCIIpos 
Counts per condition:

 CD45neg_MHCIIhi  CD45neg_MHCIIlo CD45pos_MHCIIpos 
              29               33                7 
Reference condition: CD45pos_MHCIIpos  
Contrasts for this strain: CD45pos_vs_MHCIIhi | CD45pos_vs_MHCIIlo | MHCIIhi_vs_MHCIIlo 
  Retained 1 low/zero-count violin gene(s) that the filter would have dropped
Genes passing filter: 16133 
converting counts to integer mode
Reference cells for size factor estimation: 7 
Size factors (summary):
   Min. 1st Qu.  Median    Mean 3rd Qu.    Max. 
0.00381 1.26103 1.66820 1.80626 2.11432 5.13726 
DESeq2 complete.
==============================================================
Strain: NODCD31 
==============================================================
Cells: 71 
Conditions: CD45neg_MHCIIpos_CD31neg | CD45neg_MHCIIpos_CD31pos 
Counts per condition:

CD45neg_MHCIIpos_CD31neg CD45neg_MHCIIpos_CD31pos 
                      14                       57 
Reference condition: CD45neg_MHCIIpos_CD31neg  (per-plate override) 
Contrasts for this strain: MHCIIpos_CD31neg_vs_MHCIIpos_CD31pos 
  Retained 7 low/zero-count violin gene(s) that the filter would have dropped
Genes passing filter: 15119 
converting counts to integer mode
Reference cells for size factor estimation: 14 
Size factors (summary):
   Min. 1st Qu.  Median    Mean 3rd Qu.    Max. 
0.04192 1.29858 1.85977 1.90159 2.51124 4.05165 
DESeq2 complete.
==============================================================
Strain: NODPDL1 
==============================================================
Cells: 45 
Conditions: CD45neg_MHCIIpos | CD45pos_MHCIIpos 
Counts per condition:

CD45neg_MHCIIpos CD45pos_MHCIIpos 
              37                8 
Reference condition: CD45pos_MHCIIpos  
Contrasts for this strain: CD45pos_vs_MHCIIpos 
  Retained 7 low/zero-count violin gene(s) that the filter would have dropped
Genes passing filter: 16111 
converting counts to integer mode
Reference cells for size factor estimation: 8 
Size factors (summary):
    Min.  1st Qu.   Median     Mean  3rd Qu.     Max. 
0.008813 1.322329 2.507647 2.717814 3.736727 8.150015 
DESeq2 complete.
==============================================================
Strain: NODPDL1_2 
==============================================================
Cells: 59 
Conditions: CD45neg_MHCIIneg_PDL1pos | CD45neg_MHCIIpos_PDL1pos | CD45pos_MHCIIpos_PDL1pos 
Counts per condition:

CD45neg_MHCIIneg_PDL1pos CD45neg_MHCIIpos_PDL1pos CD45pos_MHCIIpos_PDL1pos 
                      10                       37                       12 
Reference condition: CD45pos_MHCIIpos_PDL1pos  (per-plate override) 
Contrasts for this strain: CD45pos_MHCIIpos_PDL1pos_vs_MHCIIneg_PDL1pos | CD45pos_MHCIIpos_PDL1pos_vs_MHCIIpos_PDL1pos | MHCIIneg_PDL1pos_vs_MHCIIpos_PDL1pos 
  Retained 3 low/zero-count violin gene(s) that the filter would have dropped
Genes passing filter: 15393 
converting counts to integer mode
Reference cells for size factor estimation: 12 
Size factors (summary):
    Min.  1st Qu.   Median     Mean  3rd Qu.     Max. 
0.000973 0.070587 0.792091 0.891233 1.366638 3.641425 
DESeq2 complete.
==============================================================
Building combined UMAP (all strains)...
==============================================================
Genes common across all plates: 8812 
Total cells in combined matrix: 410 
Metadata rows matched: 410 
strain_condition sample:
[1] "B6G7 CD45+ MHCIIpos" "B6G7 CD45+ MHCIIpos" "B6G7 CD45+ MHCIIpos"
[4] "B6G7 CD45+ MHCIIpos" "B6G7 CD45+ MHCIIpos" "B6G7 CD45- MHCIIlo" 
NA count: 0 
strain_condition sample:
[1] "B6G7 CD45+ MHCIIpos" "B6G7 CD45+ MHCIIpos" "B6G7 CD45+ MHCIIpos"
[4] "B6G7 CD45+ MHCIIpos" "B6G7 CD45+ MHCIIpos" "B6G7 CD45- MHCIIlo" 

Generating cluster composition bar charts...
Warning messages:
1: package 'openxlsx' was built under R version 4.4.3 
2: package 'RColorBrewer' was built under R version 4.4.3 
ComplexHeatmap raster device: agg_png  

Running cell identity scoring against CellMarker 2.0...
  Downloading CellMarker 2.0 mouse table...
  Download failed: cannot open URL 'http://bio-bigdata.hrbmu.edu.cn/CellMarker/CellMarker_download_files/file/Cell_marker_Mouse.xlsx' 
Warning message:
cannot open URL 'https://bio-bigdata.hrbmu.edu.cn/CellMarker/CellMarker_download_files/file/Cell_marker_Mouse.xlsx': HTTP status was '403 Forbidden' 
  Using built-in curated marker set (CellMarker download unavailable)
  Built-in cell types: 20 

Running VAF/VRC correlation analysis (Clarke et al. 2025)...
  Loading Clarke et al. mouse count matrix...
  Reference matrix: 45706 genes x 188 cells
  CD45neg cells (B-H plates): 164 
  Clustering reference CD45neg cells to assign VAF/VRC labels...
  VAF cells identified: 100 
  VRC cells identified: 64 
  cluster1 (n=100): VAF panel 0.506 | VRC panel 0.178 | diff +0.328  <- VAF
  cluster2 (n=64): VAF panel 1.169 | VRC panel 4.976 | diff -3.807  <- VRC
  sanity: collagen VAF 0.739 vs VRC 0.523 | endothelial VAF 0.149 vs VRC 6.178
==============================================================

==============================================================
Building CombinedwithVAFPaperPlots analysis...
==============================================================
Loading Clarke et al. mouse count matrix...
Clarke matrix: 45706 genes x 188 cells
Clarke genes mappable to your Ensembl IDs: 7865 
Applying MHCII filter to Clarke cells...
Clarke cells passing MHCII filter: 118 / 188 
Running DESeq2 VST on Clarke cells...
  VAF orientation markers found: 6 / 6 ( Col1a1,Col1a2,Timp3,Spp1,Thy1,Pdpn )
  VRC orientation markers found: 6 / 6 ( Pecam1,Eng,Cdh5,Kdr,Tie1,Vwf )
  Orientation scores (VAF minus VRC) - cluster1: 0.388 | cluster2: -3.175 
Clarke VAF cells: 50 | VRC cells: 46 
converting counts to integer mode
Clarke VST complete: 7661 genes x 118 cells
Common Ensembl IDs for merged matrix: 7661 
Merged matrix (pre-correction): 7661 genes x 528 cells
Merged metadata: 528 rows
  Batch composition by plate:

      B6G7 B6MHCIIGFP Clarke2025        NOD       NOD2    NODCD31    NODPDL1 
        59         34        118         73         69         71         45 
 NODPDL1_2 
        59 
  [merged] value range before: [-4.62, 22.25]  after: [-10.95, 25.62]
  [merged] corrected across 8 plates, preserving 5 harmonised condition(s)
      plates: B6G7, B6MHCIIGFP, Clarke2025, NOD, NOD2, NODCD31, NODPDL1, NODPDL1_2
Merged matrix (post-correction): 7661 genes x 528 cells
Running HVG selection on merged matrix...
Running PCA + UMAP (merged)...
    prcomp failed (error code 1 from Lapack routine 'dgesdd') - falling back to eigen-based PCA
    offending matrix saved to /var/folders/b0/sygrqz5j30n1lb03nn08wv9c0000gp/T//Rtmp2UTPmv/failed_pca_matrix.rds
    PCs selected: 195 (80.1% variance explained)
Running all-gene PCA for Leiden clustering (merged)...
PCs selected (merged all-gene): 229 (80.0% variance)
Running Leiden clustering (merged)...
Clusters found: 5 
Saved: umap_merged_by_cluster.pdf
Saved: umap_merged_by_strain_population.pdf
Saved: umap_per_strain_on_merged.pdf
Generating merged cluster bar charts...
Saved: barplots_cluster_composition.pdf
Running Wilcoxon marker gene analysis on merged clusters...
Saved: cluster_marker_genes.xlsx

Running pairwise cluster contrasts vs VAF / VRC reference clusters...
  VAF reference: cluster 1 (22/50 cells, 44.0%)
  VRC reference: cluster 5 (43/46 cells, 93.5%)
    Cluster 2 vs VAF (cluster 1): 8 up, 4347 down
    Cluster 3 vs VAF (cluster 1): 36 up, 6387 down
    Cluster 4 vs VAF (cluster 1): 1490 up, 1597 down
    Cluster 5 vs VAF (cluster 1): 432 up, 2204 down
    Cluster 1 vs VRC (cluster 5): 2204 up, 432 down
    Cluster 2 vs VRC (cluster 5): 234 up, 2610 down
    Cluster 3 vs VRC (cluster 5): 34 up, 5153 down
    Cluster 4 vs VRC (cluster 5): 1911 up, 656 down
Saved: cluster_pairwise_contrasts.xlsx
Generating merged cluster marker heatmap...
Heatmap genes: 75 
'magick' package is suggested to install to give better rasterization.

Set `ht_opt$message = FALSE` to turn off this message.
Saved: heatmap_cluster_markers.pdf
Generating merged cluster violin plots...
Saved: violin_plots_by_cluster.pdf
Running VAF/VRC correlation on merged clusters...
Building CD45- MHCII+ cluster distribution sheet...
  Sheet added: CD45neg_Cluster_Distribution - 464 CD45- cells tabulated
Saved: VAF_VRC_correlation_merged_clusters.xlsx
Running CellMarker cell identity scoring on merged clusters...
Saved: cell_identity_merged_clusters.xlsx
Running MCA cell type correlation on merged clusters...
  ref_MCA loaded: 8601 genes x 713 cell types
  Common genes for MCA correlation: 6174 
  Saved: /Users/zachortega/Desktop/MS_SMARTseq_Pipeline/results/05_dge/CombinedwithVAFPaperPlots/MCA_celltype_correlation_merged_clusters.xlsx 

CombinedwithVAFPaperPlots complete.
Output folder: /Users/zachortega/Desktop/MS_SMARTseq_Pipeline/results/05_dge/CombinedwithVAFPaperPlots 
Files written:
 - MCA_celltype_correlation_merged_clusters.xlsx 
 - VAF_VRC_correlation_merged_clusters.xlsx 
 - barplots_cluster_composition.pdf 
 - cell_identity_merged_clusters.xlsx 
 - cluster_marker_genes.xlsx 
 - cluster_pairwise_contrasts.xlsx 
 - heatmap_cluster_markers.pdf 
 - umap_merged_by_cluster.pdf 
 - umap_merged_by_strain_population.pdf 
 - umap_per_strain_on_merged.pdf 
 - violin_plots_by_cluster.pdf 
Warning message:
The `resolution_parameter` argument of `cluster_leiden()` is deprecated as of
igraph 2.1.0.
i Please use the `resolution` argument instead. 

==============================================================
Building NoMHCIIFilter UMAP (all sorted cells, MHCII-agnostic)...
==============================================================
Cells sorted: 660 | after the MHCII filter: 410 
Library size   - min: 101 median: 867764.5 max: 5422473 
Genes detected - min: 51 median: 3256 max: 8108 
Depth floor: >= 500 genes detected -> keeping 514 of 660 cells ( 146 removed )
  Removed per plate:

      B6G7 B6MHCIIGFP        NOD       NOD2    NODCD31    NODPDL1  NODPDL1_2 
        15         20         23         30         15          7         36 
  Removed per plate x condition:
            
             CD45neg_MHCIIhi CD45neg_MHCIIlo CD45neg_MHCIIneg_PDL1pos
  B6G7                     9               6                        0
  B6MHCIIGFP               6              11                        0
  NOD                      9               8                        0
  NOD2                    14              10                        0
  NODCD31                  0               0                        0
  NODPDL1                  0               0                        0
  NODPDL1_2                0               0                       23
            
             CD45neg_MHCIIpos CD45neg_MHCIIpos_CD31neg CD45neg_MHCIIpos_CD31pos
  B6G7                      0                        0                        0
  B6MHCIIGFP                0                        0                        0
  NOD                       0                        0                        0
  NOD2                      0                        0                        0
  NODCD31                   0                        3                       12
  NODPDL1                   5                        0                        0
  NODPDL1_2                 0                        0                        0
            
             CD45neg_MHCIIpos_PDL1pos CD45pos_MHCIIpos
  B6G7                              0                0
  B6MHCIIGFP                        0                3
  NOD                               0                6
  NOD2                              0                6
  NODCD31                           0                0
  NODPDL1                           0                2
  NODPDL1_2                        13                0
Plates retained: 7 

-- NoMHCIIFilter | B6G7 --
  Cells: 81 | reference condition: CD45pos_MHCIIpos 
  Genes passing filter: 17308 
converting counts to integer mode
  Reference cells: 12 | genes nonzero in all of them: 251 
  VST complete: 17308 genes x 81 cells

-- NoMHCIIFilter | B6MHCIIGFP --
  Cells: 64 | reference condition: CD45pos_MHCIIpos 
  Genes passing filter: 16622 
converting counts to integer mode
  Reference cells: 9 | genes nonzero in all of them: 122 
  *** WARNING: only 122 genes underpin this plate's size factors --
       normalization is unstable. Usually one near-empty reference
       well; check the depth diagnostic above. ***
  VST complete: 16622 genes x 64 cells

-- NoMHCIIFilter | NOD --
  Cells: 73 | reference condition: CD45pos_MHCIIpos 
  Genes passing filter: 17390 
converting counts to integer mode
  Reference cells: 6 | genes nonzero in all of them: 107 
  *** WARNING: only 107 genes underpin this plate's size factors --
       normalization is unstable. Usually one near-empty reference
       well; check the depth diagnostic above. ***
  VST complete: 17390 genes x 73 cells

-- NoMHCIIFilter | NOD2 --
  Cells: 66 | reference condition: CD45pos_MHCIIpos 
  Genes passing filter: 16129 
converting counts to integer mode
  Reference cells: 6 | genes nonzero in all of them: 349 
  VST complete: 16129 genes x 66 cells

-- NoMHCIIFilter | NODCD31 --
  Cells: 81 | reference condition: CD45neg_MHCIIpos_CD31neg 
  Genes passing filter: 15252 
converting counts to integer mode
  Reference cells: 15 | genes nonzero in all of them: 57 
  *** WARNING: only 57 genes underpin this plate's size factors --
       normalization is unstable. Usually one near-empty reference
       well; check the depth diagnostic above. ***
  VST complete: 15252 genes x 81 cells

-- NoMHCIIFilter | NODPDL1 --
  Cells: 89 | reference condition: CD45pos_MHCIIpos 
  Genes passing filter: 18591 
converting counts to integer mode
  Reference cells: 16 | genes nonzero in all of them: 260 
  VST complete: 18591 genes x 89 cells

-- NoMHCIIFilter | NODPDL1_2 --
  Cells: 60 | reference condition: CD45pos_MHCIIpos_PDL1pos 
  Genes passing filter: 16237 
converting counts to integer mode
  Reference cells: 12 | genes nonzero in all of them: 259 
  VST complete: 16237 genes x 60 cells

Genes common across all plates (no MHCII filter): 11773 
Total cells in NoMHCIIFilter matrix: 514 
  [NoMHCIIFilter] value range before: [-4.71, 21.73]  after: [-11.77, 25.91]
  [NoMHCIIFilter] corrected across 7 plates, preserving 5 harmonised condition(s)
      plates: B6G7, B6MHCIIGFP, NOD, NOD2, NODCD31, NODPDL1, NODPDL1_2
HVGs selected: 2000 
Running PCA + UMAP on HVG matrix (visualization)...
    PCs selected: 242 (80.1% variance explained)

Typing each cell against curated lineage panels...
  Typing matrix: 28193 genes x 514 cells (raw-count log-CPM, not the cross-plate intersection)
  Hematopoietic    10/10 panel genes found
  Endothelial      10/10 panel genes found
  Fibroblast       11/11 panel genes found
  Pericyte_SMC     7/7 panel genes found
  Endocrine_islet  12/12 panel genes found
  Acinar_ductal    8/9 panel genes found

  Cells per type (argmax of panel scores):
nf_type
  Acinar_ductal Endocrine_islet     Endothelial      Fibroblast   Hematopoietic 
             24             171             164              27             117 
   Pericyte_SMC 
             11 
  Ambiguous (margin < 0.25 ): 18 of 514 
Saved: /Users/zachortega/Desktop/MS_SMARTseq_Pipeline/results/05_dge/NoMHCIIFilter/umap_all514_by_cell_type.pdf 

Generating violin plots for Nod2, Ciita in Endothelial / Fibroblast ...
Saved: /Users/zachortega/Desktop/MS_SMARTseq_Pipeline/results/05_dge/NoMHCIIFilter/violin_GOI_by_cell_type.pdf 

Writing per-cell expression workbook...

  Genes of interest by cell type:
 gene_symbol       cell_type n_cells n_detected pct_detected mean_VST
       Ciita   Hematopoietic     117         68         58.1   3.1102
       Ciita   Acinar_ductal      24         12         50.0   0.7939
       Ciita     Endothelial     164         38         23.2  -2.1535
       Ciita    Pericyte_SMC      11          2         18.2  -2.8841
       Ciita      Fibroblast      27          4         14.8  -1.3448
       Ciita Endocrine_islet     171         16          9.4  -3.0900
        Nod2     Endothelial     164          9          5.5  -3.4012
        Nod2   Hematopoietic     117          5          4.3  -3.0811
        Nod2   Acinar_ductal      24          1          4.2  -3.3113
        Nod2 Endocrine_islet     171          1          0.6  -3.7123
        Nod2      Fibroblast      27          0          0.0  -3.4569
        Nod2    Pericyte_SMC      11          0          0.0  -3.8547
 median_VST mean_CPM median_CPM_detected
     4.5501   411.55              461.03
    -0.0113    58.89              104.78
    -2.7326    67.39              214.61
    -2.7326    27.27              150.01
    -2.7326    44.55              274.94
    -4.7326     8.07               31.19
    -4.3137     7.87              111.14
    -3.3016    10.65              200.56
    -3.4860     0.35                8.41
    -4.0443     2.34              400.00
    -3.4860     0.00                  NA
    -3.4860     0.00                  NA
  Saved: GOI_expression_by_cell.xlsx
  Saved: expression_all_genes_by_cell_VST.csv ( 11773 genes x 514 cells )
  Saved: expression_all_genes_by_cell_counts.csv ( 56941 genes x 514 cells )

==============================================================
Building DonsPaper analysis (Clarke/Don GSE292898, standalone)...
==============================================================
Clarke matrix: 45706 genes x 188 cells
Sort gate (from the column names):
dons_gate
CD45neg CD45pos 
    164      24 
Depth floor: >= 500 genes detected -> keeping 160 of 188 cells

CD45neg CD45pos 
    138      22 
Genes passing filter: 20788 of 45706 
converting counts to integer mode
VST complete: 20788 genes x 160 cells
HVGs selected: 2000 
Running PCA + UMAP...
    PCs selected: 95 (80.0% variance explained)
Running all-gene PCA for clustering...
PCs selected: 110 (80.3% variance)
Clusters found: 2 
Cells per cluster:

 1  2 
98 62 
Cluster x sort gate:
   
    CD45neg CD45pos
  1      76      22
  2      62       0
Saved: umap_dons_all160_by_cluster.pdf
Saved: umap_dons_by_sort_gate.pdf

Running Wilcoxon marker analysis (one-vs-rest)...
  Cluster1(n=98): 5803 candidates
    significant: 2425 | top: Spint2 
  Cluster2(n=62): 4193 candidates
    significant: 2383 | top: Plvap 
Heatmap genes: 30 
'magick' package is suggested to install to give better rasterization.

Set `ht_opt$message = FALSE` to turn off this message.
Saved: heatmap_cluster_markers.pdf

Generating violin plots for Ptprc, Col1a1, Col1a2, Pecam1 ...
Saved: violin_markers_by_cluster.pdf

  Detection by cluster:
    Ptprc : c1 38/98  c2 4/62 
    Col1a1 : c1 8/98  c2 3/62 
    Col1a2 : c1 13/98  c2 18/62 
    Pecam1 : c1 37/98  c2 60/62 
Saved: cluster_marker_genes.xlsx

DonsPaper complete. Files:
 - cluster_marker_genes.xlsx 
 - heatmap_cluster_markers.pdf 
 - umap_dons_all160_by_cluster.pdf 
 - umap_dons_by_sort_gate.pdf 
 - violin_markers_by_cluster.pdf 
Warning message:
In DESeqDataSet(se, design = design, ignoreRank) :
  29 duplicate rownames were renamed by adding numbers

==============================================================
All outputs complete. Output structure:
 (per-plate <STRAIN>_plots/ skipped - RUN_PER_STRAIN_PLOTS is FALSE)
 (combined_plots/ skipped - RUN_COMBINED_PLOTS is FALSE)
 results/05_dge/NoMHCIIFilter/
   - umap_all*_by_cell_type.pdf
   - violin_GOI_by_cell_type.pdf  (Nod2, Ciita in Endothelial / Fibroblast)
   - GOI_expression_by_cell.xlsx
   - expression_all_genes_by_cell_VST.csv
   - expression_all_genes_by_cell_counts.csv
 results/05_dge/DonsPaper/  (Clarke/Don GSE292898 alone)
   - umap_dons_all*_by_cluster.pdf
   - umap_dons_by_sort_gate.pdf
   - heatmap_cluster_markers.pdf
   - violin_markers_by_cluster.pdf  (Ptprc, Col1a1, Col1a2, Pecam1)
   - cluster_marker_genes.xlsx
==============================================================
